// Jest Snapshot v1, https://goo.gl/fbAQLP

exports[`CoinGeckoClient test /coins/market should successful 1`] = `
Array [
  Object {
    "ath": 0.03418169,
    "ath_change_percentage": -88.12021,
    "ath_date": "2018-10-10T17:27:38.034Z",
    "atl": 0.00070641,
    "atl_change_percentage": 474.8347,
    "atl_date": "2020-03-16T10:22:30.944Z",
    "circulating_supply": 10646360.834599,
    "current_price": 0.00406071,
    "fully_diluted_valuation": null,
    "high_24h": 0.00422487,
    "id": "01coin",
    "image": "https://assets.coingecko.com/coins/images/5720/large/F1nTlw9I_400x400.jpg?1547041588",
    "last_updated": "2021-04-17T11:12:57.136Z",
    "low_24h": 0.00346429,
    "market_cap": 43232,
    "market_cap_change_24h": 1238.91,
    "market_cap_change_percentage_24h": 2.95027,
    "market_cap_rank": 2421,
    "max_supply": null,
    "name": "01coin",
    "price_change_24h": 0.00012003,
    "price_change_percentage_24h": 3.046,
    "roi": null,
    "symbol": "zoc",
    "total_supply": 65658824,
    "total_volume": 18509.3,
  },
  Object {
    "ath": 0.00012728,
    "ath_change_percentage": -2.1295,
    "ath_date": "2021-04-14T09:27:42.881Z",
    "atl": 0.00000177,
    "atl_change_percentage": 6930.8018,
    "atl_date": "2020-10-23T19:10:35.677Z",
    "circulating_supply": 0,
    "current_price": 0.00012457,
    "fully_diluted_valuation": null,
    "high_24h": 0.0001247,
    "id": "bitcorn",
    "image": "https://assets.coingecko.com/coins/images/10678/large/BITCORN-logo.png?1581803042",
    "last_updated": "2021-04-17T08:09:40.618Z",
    "low_24h": 0.00006068,
    "market_cap": 0,
    "market_cap_change_24h": 0,
    "market_cap_change_percentage_24h": 0,
    "market_cap_rank": null,
    "max_supply": null,
    "name": "BITCORN",
    "price_change_24h": 0.00006386,
    "price_change_percentage_24h": 105.17265,
    "roi": null,
    "symbol": "corn",
    "total_supply": 100000000000,
    "total_volume": 1155.46,
  },
]
`;

exports[`CoinGeckoClient test /coins/supported_vs_currencies should successful 1`] = `
Array [
  "btc",
  "eth",
  "ltc",
  "bch",
  "bnb",
  "eos",
  "xrp",
  "xlm",
  "link",
  "dot",
  "yfi",
  "usd",
  "aed",
  "ars",
  "aud",
  "bdt",
  "bhd",
  "bmd",
  "brl",
  "cad",
  "chf",
  "clp",
  "cny",
  "czk",
  "dkk",
  "eur",
  "gbp",
  "hkd",
  "huf",
  "idr",
  "ils",
  "inr",
  "jpy",
  "krw",
  "kwd",
  "lkr",
  "mmk",
  "mxn",
  "myr",
  "ngn",
  "nok",
  "nzd",
  "php",
  "pkr",
  "pln",
  "rub",
  "sar",
  "sek",
  "sgd",
  "thb",
  "try",
  "twd",
  "uah",
  "vef",
  "vnd",
  "zar",
  "xdr",
  "xag",
  "xau",
  "bits",
  "sats",
]
`;

exports[`CoinGeckoClient test /simple/supported_vs_currencies should successful 1`] = `
Array [
  "btc",
  "eth",
  "ltc",
  "bch",
  "bnb",
  "eos",
  "xrp",
  "xlm",
  "link",
  "dot",
  "yfi",
  "usd",
  "aed",
  "ars",
  "aud",
  "bdt",
  "bhd",
  "bmd",
  "brl",
  "cad",
  "chf",
  "clp",
  "cny",
  "czk",
  "dkk",
  "eur",
  "gbp",
  "hkd",
  "huf",
  "idr",
  "ils",
  "inr",
  "jpy",
  "krw",
  "kwd",
  "lkr",
  "mmk",
  "mxn",
  "myr",
  "ngn",
  "nok",
  "nzd",
  "php",
  "pkr",
  "pln",
  "rub",
  "sar",
  "sek",
  "sgd",
  "thb",
  "try",
  "twd",
  "uah",
  "vef",
  "vnd",
  "zar",
  "xdr",
  "xag",
  "xau",
  "bits",
  "sats",
]
`;
